
Odbiór wg docs/acceptance-spec.md
================================================================
  PRZESZŁO  1. Powtarzalność z ziarna
              50/50 ziaren dało identyczny odcisk stanu
  PRZESZŁO  2. Spójność lochu
              1000 poziomów: 0 niespójnych, 0 bez schodów
  PRZESZŁO  3. Wzajemność widzenia
              112967 par pól przechodnich, 0 naruszeń
  PRZESZŁO  4. Droga optymalna
              400 par porównanych z niezależnym BFS, 0 rozjazdów
  PRZESZŁO  5. Zapis wierny i odporny
              20 zapisów: 0 rozjazdów; zapis uszkodzony odrzucany: tak
  PRZESZŁO  6. Odporność serii partii
              1000 partii w 565s: 0 wywrotek, 1 bez rozstrzygnięcia (0.1%), 0 bez przyczyny końca
  PRZESZŁO  7. Grywalność (5-60% zwycięstw)
              293/1000 zwycięstw = 29.3%
  PRZESZŁO  8. Uczciwość kontroli (przypadki znane-złe)
              7 kontroli przyrządu przeszło, testów nieudanych: 0
  PRZESZŁO  9. Uruchamialność u obcego
              node bin/play.js --help odpowiada bez żadnych kroków wstępnych; zero zależności zewnętrznych
================================================================

ODBIÓR ZALICZONY: 9/9 kryteriów.

